<testsuites name="jest tests" tests="4" failures="1" time="3.727">
  <testsuite name="undefined" errors="0" failures="1" skipped="0" timestamp="2021-01-14T16:53:20" time="3.727" tests="4">
    <testcase classname=" Initial articles render correctly" name=" Initial articles render correctly" time="0.056">
      <failure>Error: expect(received).toEqual(expected) // deep equality

- Expected
+ Received

  Array [
-   &quot;Artificial Mountains&quot;,
-   &quot;200&quot;,
-   &quot;2019-11-23&quot;,
+   &quot;Alphabet earnings&quot;,
+   &quot;22&quot;,
+   &quot;2011-11-23&quot;,
  ]
    at forEach (C:\Users\Ganesh Sindagi\Desktop\3ae6a4ab-9e2f-4808-9ca8-73f2b7b0a87a\src\App.test.js:89:36)
    at Array.forEach (&lt;anonymous&gt;)
    at expectArticles (C:\Users\Ganesh Sindagi\Desktop\3ae6a4ab-9e2f-4808-9ca8-73f2b7b0a87a\src\App.test.js:84:12)
    at Object.&lt;anonymous&gt; (C:\Users\Ganesh Sindagi\Desktop\3ae6a4ab-9e2f-4808-9ca8-73f2b7b0a87a\src\App.test.js:97:3)
    at Object.asyncJestTest (C:\Users\Ganesh Sindagi\Desktop\3ae6a4ab-9e2f-4808-9ca8-73f2b7b0a87a\node_modules\jest-jasmine2\build\jasmineAsyncInstall.js:102:37)
    at C:\Users\Ganesh Sindagi\Desktop\3ae6a4ab-9e2f-4808-9ca8-73f2b7b0a87a\node_modules\jest-jasmine2\build\queueRunner.js:43:12
    at new Promise (&lt;anonymous&gt;)
    at mapper (C:\Users\Ganesh Sindagi\Desktop\3ae6a4ab-9e2f-4808-9ca8-73f2b7b0a87a\node_modules\jest-jasmine2\build\queueRunner.js:26:19)
    at C:\Users\Ganesh Sindagi\Desktop\3ae6a4ab-9e2f-4808-9ca8-73f2b7b0a87a\node_modules\jest-jasmine2\build\queueRunner.js:73:41
    at processTicksAndRejections (internal/process/task_queues.js:93:5)</failure>
    </testcase>
    <testcase classname=" Clicking on top renders expected articles" name=" Clicking on top renders expected articles" time="0.023">
    </testcase>
    <testcase classname=" Clicking on newest renders expected articles" name=" Clicking on newest renders expected articles" time="0.018">
    </testcase>
    <testcase classname=" Sequence of navigation clicks renders expected artices" name=" Sequence of navigation clicks renders expected artices" time="0.058">
    </testcase>
  </testsuite>
</testsuites>